12:28:36:870 [ 2432] | INFO  | Initializing crosire's ReShade version '6.5.1.2008' (64-bit) loaded from 'C:\Users\pedro\AppData\Local\garyttierney\me3\config\profiles\eldenring-mods\no-hud\Game\dxgi.dll' into 'D:\SteamLibrary\steamapps\common\ELDEN RING\Game\eldenring.exe' (0xB4403655) ...
12:28:36:912 [ 2432] | INFO  | Registering hooks for 'user32.dll' ...
12:28:36:925 [ 2432] | INFO  | > Libraries loaded.
12:28:36:925 [ 2432] | INFO  | > Found 21 match(es). Installing ...
12:28:36:977 [ 2432] | INFO  | Registering hooks for 'C:\Windows\system32\dinput.dll' ...
12:28:36:977 [ 2432] | INFO  | > Delayed.
12:28:36:977 [ 2432] | INFO  | Registering hooks for 'C:\Windows\system32\dinput8.dll' ...
12:28:36:977 [ 2432] | INFO  | > Libraries loaded.
12:28:36:977 [ 2432] | INFO  | > Found 2 match(es). Installing ...
12:28:37:037 [ 2432] | INFO  | Registering hooks for 'C:\Windows\system32\d2d1.dll' ...
12:28:37:038 [ 2432] | INFO  | > Delayed.
12:28:37:039 [ 2432] | INFO  | Registering hooks for 'C:\Windows\system32\d3d9.dll' ...
12:28:37:039 [ 2432] | INFO  | > Delayed.
12:28:37:039 [ 2432] | INFO  | Registering hooks for 'C:\Windows\system32\d3d10.dll' ...
12:28:37:039 [ 2432] | INFO  | > Delayed.
12:28:37:039 [ 2432] | INFO  | Registering hooks for 'C:\Windows\system32\d3d10_1.dll' ...
12:28:37:039 [ 2432] | INFO  | > Delayed.
12:28:37:039 [ 2432] | INFO  | Registering hooks for 'C:\Windows\system32\d3d11.dll' ...
12:28:37:039 [ 2432] | INFO  | > Delayed.
12:28:37:039 [ 2432] | INFO  | Registering hooks for 'C:\Windows\system32\d3d12.dll' ...
12:28:37:039 [ 2432] | INFO  | > Libraries loaded.
12:28:37:039 [ 2432] | INFO  | > Found 8 match(es). Installing ...
12:28:37:086 [ 2432] | INFO  | Registering hooks for 'C:\Windows\system32\dxgi.dll' ...
12:28:37:086 [ 2432] | INFO  | > Delayed until first call to an exported function.
12:28:37:086 [ 2432] | INFO  | Registering hooks for 'openvr_api.dll' ...
12:28:37:086 [ 2432] | INFO  | > Delayed.
12:28:37:086 [ 2432] | INFO  | Initialized.
12:28:37:183 [ 2432] | INFO  | Redirecting RegisterClassExW(lpWndClassEx = 0000003F818FF950 { "ELDEN RING™", style = 0x3 }) ...
12:28:37:184 [ 2432] | INFO  | > Adding 'CS_OWNDC' window class style flag to "ELDEN RING™".
12:28:37:356 [ 2432] | INFO  | Redirecting D3D12CreateDevice(pAdapter = 000001AE6926E9E0, MinimumFeatureLevel = c000, riid = {8B4F173B-2FEA-4B80-8F58-4307191AB95D}, ppDevice = 0000003F818FE9F0) ...
12:28:37:357 [ 2432] | INFO  | Searching for add-ons (*.addon, *.addon64) in 'C:\Users\pedro\AppData\Local\garyttierney\me3\config\profiles\eldenring-mods\no-hud\Game' ...
12:28:37:358 [ 2432] | INFO  | Loading add-on from 'C:\Users\pedro\AppData\Local\garyttierney\me3\config\profiles\eldenring-mods\no-hud\Game\ShaderToggler.addon64' ...
12:28:37:360 [ 2432] | INFO  | Registered add-on "Shader Toggler" v1.3.3.0 using ReShade API version 2.
12:28:37:533 [15180] | WARN  | Ignoring LoadLibrary('api-ms-win-appmodel-runtime-l1-1-2') call to avoid possible deadlock.
12:28:37:637 [ 2432] | INFO  | Redirecting ID3D12Device::CreateCommandQueue(this = 000001AE69A51340, pDesc = 0000003F818FE7C0, riid = {0EC870A6-5D7E-4C22-8CFC-5BAAE07616ED}, ppCommandQueue = 0000003F818FE9F8) ...
12:28:37:638 [ 2432] | INFO  | > Dumping command queue description:
12:28:37:638 [ 2432] | INFO  |   +-----------------------------------------+-----------------------------------------+
12:28:37:638 [ 2432] | INFO  |   | Parameter                               | Value                                   |
12:28:37:638 [ 2432] | INFO  |   +-----------------------------------------+-----------------------------------------+
12:28:37:638 [ 2432] | INFO  |   | Type                                    | 3                                       |
12:28:37:638 [ 2432] | INFO  |   | Priority                                | 0                                       |
12:28:37:638 [ 2432] | INFO  |   | Flags                                   | 0                                       |
12:28:37:638 [ 2432] | INFO  |   | NodeMask                                | 0                                       |
12:28:37:638 [ 2432] | INFO  |   +-----------------------------------------+-----------------------------------------+
12:28:37:871 [ 2432] | INFO  | Redirecting ID3D12Device::CreateCommandQueue(this = 000001AE69A51340, pDesc = 0000003F818FE8D0, riid = {0EC870A6-5D7E-4C22-8CFC-5BAAE07616ED}, ppCommandQueue = 0000003F818FE988) ...
12:28:37:871 [ 2432] | INFO  | > Dumping command queue description:
12:28:37:871 [ 2432] | INFO  |   +-----------------------------------------+-----------------------------------------+
12:28:37:871 [ 2432] | INFO  |   | Parameter                               | Value                                   |
12:28:37:871 [ 2432] | INFO  |   +-----------------------------------------+-----------------------------------------+
12:28:37:871 [ 2432] | INFO  |   | Type                                    | 0                                       |
12:28:37:871 [ 2432] | INFO  |   | Priority                                | 0                                       |
12:28:37:871 [ 2432] | INFO  |   | Flags                                   | 0                                       |
12:28:37:871 [ 2432] | INFO  |   | NodeMask                                | 0                                       |
12:28:37:872 [ 2432] | INFO  |   +-----------------------------------------+-----------------------------------------+
12:28:37:924 [ 2432] | INFO  | Redirecting ID3D12Device::CreateCommandQueue(this = 000001AE69A51340, pDesc = 0000003F818FE8C0, riid = {0EC870A6-5D7E-4C22-8CFC-5BAAE07616ED}, ppCommandQueue = 0000003F818FE988) ...
12:28:37:925 [ 2432] | INFO  | > Dumping command queue description:
12:28:37:925 [ 2432] | INFO  |   +-----------------------------------------+-----------------------------------------+
12:28:37:925 [ 2432] | INFO  |   | Parameter                               | Value                                   |
12:28:37:925 [ 2432] | INFO  |   +-----------------------------------------+-----------------------------------------+
12:28:37:925 [ 2432] | INFO  |   | Type                                    | 2                                       |
12:28:37:925 [ 2432] | INFO  |   | Priority                                | 0                                       |
12:28:37:925 [ 2432] | INFO  |   | Flags                                   | 0                                       |
12:28:37:926 [ 2432] | INFO  |   | NodeMask                                | 0                                       |
12:28:37:926 [ 2432] | INFO  |   +-----------------------------------------+-----------------------------------------+
12:28:38:387 [27944] | INFO  | Redirecting D3D12CreateDevice(pAdapter = 0000000000000000, MinimumFeatureLevel = c000, riid = {189819F1-1DB6-4B57-BE54-1821339B85F7}, ppDevice = 0000003F84BFD5F8) ...
12:28:38:394 [27944] | INFO  | Redirecting ID3D12Device::CreateCommandQueue(this = 000001AE69A51340, pDesc = 0000003F84BFD5E0, riid = {0EC870A6-5D7E-4C22-8CFC-5BAAE07616ED}, ppCommandQueue = 0000003F84BFD5D0) ...
12:28:38:394 [27944] | INFO  | > Dumping command queue description:
12:28:38:394 [27944] | INFO  |   +-----------------------------------------+-----------------------------------------+
12:28:38:395 [27944] | INFO  |   | Parameter                               | Value                                   |
12:28:38:395 [27944] | INFO  |   +-----------------------------------------+-----------------------------------------+
12:28:38:395 [27944] | INFO  |   | Type                                    | 0                                       |
12:28:38:395 [27944] | INFO  |   | Priority                                | 0                                       |
12:28:38:395 [27944] | INFO  |   | Flags                                   | 0                                       |
12:28:38:395 [27944] | INFO  |   | NodeMask                                | 0                                       |
12:28:38:395 [27944] | INFO  |   +-----------------------------------------+-----------------------------------------+
